V3 3
FL "C:/Users/Matze/Amiga/Hardwarehacks/gb_a1k_tk/Logik/RAM_Control/RAM_Control_VHDL/ramcon - vector_io.vhd" 2017/08/18.16:53:08 P.68d
EN work/ramcon 1503067990 \
      FL "C:/Users/Matze/Amiga/Hardwarehacks/gb_a1k_tk/Logik/RAM_Control/RAM_Control_VHDL/ramcon - vector_io.vhd" \
      PB ieee/std_logic_1164 1370735607 PB ieee/std_logic_arith 1370735608 \
      PB ieee/STD_LOGIC_UNSIGNED 1370735609
AR work/ramcon/ramcon_behav 1503067991 \
      FL "C:/Users/Matze/Amiga/Hardwarehacks/gb_a1k_tk/Logik/RAM_Control/RAM_Control_VHDL/ramcon - vector_io.vhd" \
      EN work/ramcon 1503067990
