V3 3
FL "C:/Users/Matze/Amiga/Hardwarehacks/gb_a1k_tk/Logik/RAM_Control/RAM_Control_VHDL/ramcon - vector_io.vhd" 2015/11/24.23:53:20 P.68d
EN work/ramcon 1448405603 \
      FL "C:/Users/Matze/Amiga/Hardwarehacks/gb_a1k_tk/Logik/RAM_Control/RAM_Control_VHDL/ramcon - vector_io.vhd" \
      PB ieee/std_logic_1164 1370735607 PB ieee/std_logic_arith 1370735608 \
      PB ieee/STD_LOGIC_UNSIGNED 1370735609
AR work/ramcon/ramcon_behav 1448405604 \
      FL "C:/Users/Matze/Amiga/Hardwarehacks/gb_a1k_tk/Logik/RAM_Control/RAM_Control_VHDL/ramcon - vector_io.vhd" \
      EN work/ramcon 1448405603
