V3 3
FL "C:/Users/Matze/Amiga/Hardwarehacks/gb_a1k_tk/Logik/RAM_Control/RAM_Control_VHDL/ramcon - vector_io.vhd" 2016/02/09.21:42:24 P.68d
EN work/ramcon 1455050545 \
      FL "C:/Users/Matze/Amiga/Hardwarehacks/gb_a1k_tk/Logik/RAM_Control/RAM_Control_VHDL/ramcon - vector_io.vhd" \
      PB ieee/std_logic_1164 1370735607 PB ieee/std_logic_arith 1370735608 \
      PB ieee/STD_LOGIC_UNSIGNED 1370735609
AR work/ramcon/ramcon_behav 1455050546 \
      FL "C:/Users/Matze/Amiga/Hardwarehacks/gb_a1k_tk/Logik/RAM_Control/RAM_Control_VHDL/ramcon - vector_io.vhd" \
      EN work/ramcon 1455050545
