V3 3
FL C:/Users/Matze/Amiga/Hardwarehacks/gb_a1k_tk/Logik/Card_Control/Card_control-VHDL/control-2.vhd 2015/10/16.20:29:29 P.68d
EN work/control 1445020171 \
      FL C:/Users/Matze/Amiga/Hardwarehacks/gb_a1k_tk/Logik/Card_Control/Card_control-VHDL/control-2.vhd \
      PB ieee/std_logic_1164 1370735607 PB ieee/std_logic_arith 1370735608 \
      PB ieee/STD_LOGIC_UNSIGNED 1370735609
AR work/control/Behavioral 1445020172 \
      FL C:/Users/Matze/Amiga/Hardwarehacks/gb_a1k_tk/Logik/Card_Control/Card_control-VHDL/control-2.vhd \
      EN work/control 1445020171
